Archive member included because of file (symbol)

d:/embedded systems diploma/imt es diploma/00-tools/03-imt sdk/03- imt sdk/imt_sdk_win_64/imt_sdk_win_64/winavr/bin/../lib/gcc/avr/4.3.3/avr5\libgcc.a(_mulsi3.o)
                              ./MAP_program.o (__mulsi3)
d:/embedded systems diploma/imt es diploma/00-tools/03-imt sdk/03- imt sdk/imt_sdk_win_64/imt_sdk_win_64/winavr/bin/../lib/gcc/avr/4.3.3/avr5\libgcc.a(_udivmodsi4.o)
                              ./UART_program.o (__udivmodsi4)
d:/embedded systems diploma/imt es diploma/00-tools/03-imt sdk/03- imt sdk/imt_sdk_win_64/imt_sdk_win_64/winavr/bin/../lib/gcc/avr/4.3.3/avr5\libgcc.a(_divmodsi4.o)
                              ./MAP_program.o (__divmodsi4)
d:/embedded systems diploma/imt es diploma/00-tools/03-imt sdk/03- imt sdk/imt_sdk_win_64/imt_sdk_win_64/winavr/bin/../lib/gcc/avr/4.3.3/avr5\libgcc.a(_exit.o)
                              d:/embedded systems diploma/imt es diploma/00-tools/03-imt sdk/03- imt sdk/imt_sdk_win_64/imt_sdk_win_64/winavr/bin/../lib/gcc/avr/4.3.3/../../../../avr/lib/avr5/crtm16.o (exit)
d:/embedded systems diploma/imt es diploma/00-tools/03-imt sdk/03- imt sdk/imt_sdk_win_64/imt_sdk_win_64/winavr/bin/../lib/gcc/avr/4.3.3/avr5\libgcc.a(_clear_bss.o)
                              ./EXTI_program.o (__do_clear_bss)

Allocating common symbols
Common symbol       size              file

distance            0x4               ./Ultrasonic_program.o

Memory Configuration

Name             Origin             Length             Attributes
text             0x00000000         0x00020000         xr
data             0x00800060         0x0000ffa0         rw !x
eeprom           0x00810000         0x00010000         rw !x
fuse             0x00820000         0x00000400         rw !x
lock             0x00830000         0x00000400         rw !x
signature        0x00840000         0x00000400         rw !x
*default*        0x00000000         0xffffffff

Linker script and memory map

LOAD d:/embedded systems diploma/imt es diploma/00-tools/03-imt sdk/03- imt sdk/imt_sdk_win_64/imt_sdk_win_64/winavr/bin/../lib/gcc/avr/4.3.3/../../../../avr/lib/avr5/crtm16.o
LOAD ./DIO_program.o
LOAD ./EXTI_program.o
LOAD ./GIE_program.o
LOAD ./MAP_program.o
LOAD ./SvM_program.o
LOAD ./TIMER_program.o
LOAD ./UART_program.o
LOAD ./Ultrasonic_program.o
LOAD ./main.o
LOAD d:/embedded systems diploma/imt es diploma/00-tools/03-imt sdk/03- imt sdk/imt_sdk_win_64/imt_sdk_win_64/winavr/bin/../lib/gcc/avr/4.3.3/avr5\libgcc.a
LOAD d:/embedded systems diploma/imt es diploma/00-tools/03-imt sdk/03- imt sdk/imt_sdk_win_64/imt_sdk_win_64/winavr/bin/../lib/gcc/avr/4.3.3/../../../../avr/lib/avr5\libc.a
LOAD d:/embedded systems diploma/imt es diploma/00-tools/03-imt sdk/03- imt sdk/imt_sdk_win_64/imt_sdk_win_64/winavr/bin/../lib/gcc/avr/4.3.3/avr5\libgcc.a

.hash
 *(.hash)

.dynsym
 *(.dynsym)

.dynstr
 *(.dynstr)

.gnu.version
 *(.gnu.version)

.gnu.version_d
 *(.gnu.version_d)

.gnu.version_r
 *(.gnu.version_r)

.rel.init
 *(.rel.init)

.rela.init
 *(.rela.init)

.rel.text
 *(.rel.text)
 *(.rel.text.*)
 *(.rel.gnu.linkonce.t*)

.rela.text
 *(.rela.text)
 *(.rela.text.*)
 *(.rela.gnu.linkonce.t*)

.rel.fini
 *(.rel.fini)

.rela.fini
 *(.rela.fini)

.rel.rodata
 *(.rel.rodata)
 *(.rel.rodata.*)
 *(.rel.gnu.linkonce.r*)

.rela.rodata
 *(.rela.rodata)
 *(.rela.rodata.*)
 *(.rela.gnu.linkonce.r*)

.rel.data
 *(.rel.data)
 *(.rel.data.*)
 *(.rel.gnu.linkonce.d*)

.rela.data
 *(.rela.data)
 *(.rela.data.*)
 *(.rela.gnu.linkonce.d*)

.rel.ctors
 *(.rel.ctors)

.rela.ctors
 *(.rela.ctors)

.rel.dtors
 *(.rel.dtors)

.rela.dtors
 *(.rela.dtors)

.rel.got
 *(.rel.got)

.rela.got
 *(.rela.got)

.rel.bss
 *(.rel.bss)

.rela.bss
 *(.rela.bss)

.rel.plt
 *(.rel.plt)

.rela.plt
 *(.rela.plt)

.text           0x00000000      0xf8e
 *(.vectors)
 .vectors       0x00000000       0x54 d:/embedded systems diploma/imt es diploma/00-tools/03-imt sdk/03- imt sdk/imt_sdk_win_64/imt_sdk_win_64/winavr/bin/../lib/gcc/avr/4.3.3/../../../../avr/lib/avr5/crtm16.o
                0x00000000                __vectors
                0x00000000                __vector_default
 *(.vectors)
 *(.progmem.gcc*)
 *(.progmem*)
                0x00000054                . = ALIGN (0x2)
                0x00000054                __trampolines_start = .
 *(.trampolines)
 .trampolines   0x00000054        0x0 linker stubs
 *(.trampolines*)
                0x00000054                __trampolines_end = .
 *(.jumptables)
 *(.jumptables*)
 *(.lowtext)
 *(.lowtext*)
                0x00000054                __ctors_start = .
 *(.ctors)
                0x00000054                __ctors_end = .
                0x00000054                __dtors_start = .
 *(.dtors)
                0x00000054                __dtors_end = .
 SORT(*)(.ctors)
 SORT(*)(.dtors)
 *(.init0)
 .init0         0x00000054        0x0 d:/embedded systems diploma/imt es diploma/00-tools/03-imt sdk/03- imt sdk/imt_sdk_win_64/imt_sdk_win_64/winavr/bin/../lib/gcc/avr/4.3.3/../../../../avr/lib/avr5/crtm16.o
                0x00000054                __init
 *(.init0)
 *(.init1)
 *(.init1)
 *(.init2)
 .init2         0x00000054        0xc d:/embedded systems diploma/imt es diploma/00-tools/03-imt sdk/03- imt sdk/imt_sdk_win_64/imt_sdk_win_64/winavr/bin/../lib/gcc/avr/4.3.3/../../../../avr/lib/avr5/crtm16.o
 *(.init2)
 *(.init3)
 *(.init3)
 *(.init4)
 .init4         0x00000060       0x10 d:/embedded systems diploma/imt es diploma/00-tools/03-imt sdk/03- imt sdk/imt_sdk_win_64/imt_sdk_win_64/winavr/bin/../lib/gcc/avr/4.3.3/avr5\libgcc.a(_clear_bss.o)
                0x00000060                __do_clear_bss
 *(.init4)
 *(.init5)
 *(.init5)
 *(.init6)
 *(.init6)
 *(.init7)
 *(.init7)
 *(.init8)
 *(.init8)
 *(.init9)
 .init9         0x00000070        0x8 d:/embedded systems diploma/imt es diploma/00-tools/03-imt sdk/03- imt sdk/imt_sdk_win_64/imt_sdk_win_64/winavr/bin/../lib/gcc/avr/4.3.3/../../../../avr/lib/avr5/crtm16.o
 *(.init9)
 *(.text)
 .text          0x00000078        0x4 d:/embedded systems diploma/imt es diploma/00-tools/03-imt sdk/03- imt sdk/imt_sdk_win_64/imt_sdk_win_64/winavr/bin/../lib/gcc/avr/4.3.3/../../../../avr/lib/avr5/crtm16.o
                0x00000078                __vector_12
                0x00000078                __bad_interrupt
                0x00000078                __vector_6
                0x00000078                __vector_11
                0x00000078                __vector_17
                0x00000078                __vector_19
                0x00000078                __vector_7
                0x00000078                __vector_5
                0x00000078                __vector_4
                0x00000078                __vector_8
                0x00000078                __vector_10
                0x00000078                __vector_16
                0x00000078                __vector_18
                0x00000078                __vector_20
 .text          0x0000007c        0x0 ./DIO_program.o
 .text          0x0000007c        0x0 ./EXTI_program.o
 .text          0x0000007c        0x0 ./GIE_program.o
 .text          0x0000007c        0x0 ./MAP_program.o
 .text          0x0000007c        0x0 ./SvM_program.o
 .text          0x0000007c        0x0 ./TIMER_program.o
 .text          0x0000007c        0x0 ./UART_program.o
 .text          0x0000007c        0x0 ./Ultrasonic_program.o
 .text          0x0000007c        0x0 ./main.o
 .text          0x0000007c        0x0 d:/embedded systems diploma/imt es diploma/00-tools/03-imt sdk/03- imt sdk/imt_sdk_win_64/imt_sdk_win_64/winavr/bin/../lib/gcc/avr/4.3.3/avr5\libgcc.a(_mulsi3.o)
 .text          0x0000007c        0x0 d:/embedded systems diploma/imt es diploma/00-tools/03-imt sdk/03- imt sdk/imt_sdk_win_64/imt_sdk_win_64/winavr/bin/../lib/gcc/avr/4.3.3/avr5\libgcc.a(_udivmodsi4.o)
 .text          0x0000007c        0x0 d:/embedded systems diploma/imt es diploma/00-tools/03-imt sdk/03- imt sdk/imt_sdk_win_64/imt_sdk_win_64/winavr/bin/../lib/gcc/avr/4.3.3/avr5\libgcc.a(_divmodsi4.o)
 .text          0x0000007c        0x0 d:/embedded systems diploma/imt es diploma/00-tools/03-imt sdk/03- imt sdk/imt_sdk_win_64/imt_sdk_win_64/winavr/bin/../lib/gcc/avr/4.3.3/avr5\libgcc.a(_exit.o)
 .text          0x0000007c        0x0 d:/embedded systems diploma/imt es diploma/00-tools/03-imt sdk/03- imt sdk/imt_sdk_win_64/imt_sdk_win_64/winavr/bin/../lib/gcc/avr/4.3.3/avr5\libgcc.a(_clear_bss.o)
                0x0000007c                . = ALIGN (0x2)
 *(.text.*)
 .text.DIO_u8SetPinDirection
                0x0000007c      0x18e ./DIO_program.o
                0x0000007c                DIO_u8SetPinDirection
 .text.DIO_u8SetPortDirection
                0x0000020a       0x28 ./DIO_program.o
                0x0000020a                DIO_u8SetPortDirection
 .text.DIO_u8SetPinValue
                0x00000232       0xf2 ./DIO_program.o
                0x00000232                DIO_u8SetPinValue
 .text.DIO_u8SetPortValue
                0x00000324       0x28 ./DIO_program.o
                0x00000324                DIO_u8SetPortValue
 .text.DIO_u8TogglePinValue
                0x0000034c       0x70 ./DIO_program.o
                0x0000034c                DIO_u8TogglePinValue
 .text.DIO_u8GetPinValue
                0x000003bc       0x44 ./DIO_program.o
                0x000003bc                DIO_u8GetPinValue
 .text.DIO_u8GetPortValue
                0x00000400       0x32 ./DIO_program.o
                0x00000400                DIO_u8GetPortValue
 .text.EXTI_voidInt0Init
                0x00000432       0x14 ./EXTI_program.o
                0x00000432                EXTI_voidInt0Init
 .text.EXTI_voidInt1Init
                0x00000446       0x14 ./EXTI_program.o
                0x00000446                EXTI_voidInt1Init
 .text.EXTI_voidInt2Init
                0x0000045a        0xe ./EXTI_program.o
                0x0000045a                EXTI_voidInt2Init
 .text.EXTI_u8Int0SetSenseControl
                0x00000468       0x4c ./EXTI_program.o
                0x00000468                EXTI_u8Int0SetSenseControl
 .text.EXTI_u8Int1SetSenseControl
                0x000004b4       0x4c ./EXTI_program.o
                0x000004b4                EXTI_u8Int1SetSenseControl
 .text.EXTI_u8Int2SetSenseControl
                0x00000500       0x20 ./EXTI_program.o
                0x00000500                EXTI_u8Int2SetSenseControl
 .text.EXTI_u8IntEnable
                0x00000520       0x2a ./EXTI_program.o
                0x00000520                EXTI_u8IntEnable
 .text.EXTI_u8IntDisable
                0x0000054a       0x2a ./EXTI_program.o
                0x0000054a                EXTI_u8IntDisable
 .text.EXTI_u8Int0SetCallBack
                0x00000574       0x14 ./EXTI_program.o
                0x00000574                EXTI_u8Int0SetCallBack
 .text.EXTI_u8Int1SetCallBack
                0x00000588       0x14 ./EXTI_program.o
                0x00000588                EXTI_u8Int1SetCallBack
 .text.EXTI_u8Int2SetCallBack
                0x0000059c       0x14 ./EXTI_program.o
                0x0000059c                EXTI_u8Int2SetCallBack
 .text.__vector_1
                0x000005b0       0x52 ./EXTI_program.o
                0x000005b0                __vector_1
 .text.__vector_3
                0x00000602       0x52 ./EXTI_program.o
                0x00000602                __vector_3
 .text.GIE_voidEnable
                0x00000654        0x8 ./GIE_program.o
                0x00000654                GIE_voidEnable
 .text.GIE_voidDisable
                0x0000065c        0x8 ./GIE_program.o
                0x0000065c                GIE_voidDisable
 .text.Map      0x00000664       0x96 ./MAP_program.o
                0x00000664                Map
 .text.SVM_voidSetAngle2
                0x000006fa       0x70 ./SvM_program.o
                0x000006fa                SVM_voidSetAngle2
 .text.SVM_voidSetAngle1
                0x0000076a       0x74 ./SvM_program.o
                0x0000076a                SVM_voidSetAngle1
 .text.SVM_voidServoInit
                0x000007de       0x22 ./SvM_program.o
                0x000007de                SVM_voidServoInit
 .text.TIMER0_voidInit
                0x00000800       0x30 ./TIMER_program.o
                0x00000800                TIMER0_voidInit
 .text.Timer0_voidSetCompMatchValue
                0x00000830        0x4 ./TIMER_program.o
                0x00000830                Timer0_voidSetCompMatchValue
 .text.TIMER0_u8SetCallBack
                0x00000834       0x14 ./TIMER_program.o
                0x00000834                TIMER0_u8SetCallBack
 .text.TIMER1_voidInit
                0x00000848       0x38 ./TIMER_program.o
                0x00000848                TIMER1_voidInit
 .text.Timer1_voidSetTimerValue
                0x00000880        0x6 ./TIMER_program.o
                0x00000880                Timer1_voidSetTimerValue
 .text.Timer1_voidReadTimerValue
                0x00000886        0x8 ./TIMER_program.o
                0x00000886                Timer1_voidReadTimerValue
 .text.Timer1_voidSetICRValue
                0x0000088e        0x6 ./TIMER_program.o
                0x0000088e                Timer1_voidSetICRValue
 .text.Timer1_voidSetChannelACompMatchValue
                0x00000894        0x6 ./TIMER_program.o
                0x00000894                Timer1_voidSetChannelACompMatchValue
 .text.Timer1_voidSetChannelBCompMatchValue
                0x0000089a        0x6 ./TIMER_program.o
                0x0000089a                Timer1_voidSetChannelBCompMatchValue
 .text.ICU_voidInit
                0x000008a0        0xe ./TIMER_program.o
                0x000008a0                ICU_voidInit
 .text.ICI_u8SetTriggerEdge
                0x000008ae       0x20 ./TIMER_program.o
                0x000008ae                ICI_u8SetTriggerEdge
 .text.ICU_voidEnableInterrupt
                0x000008ce        0x8 ./TIMER_program.o
                0x000008ce                ICU_voidEnableInterrupt
 .text.ICU_voidDisableInterrupt
                0x000008d6        0x8 ./TIMER_program.o
                0x000008d6                ICU_voidDisableInterrupt
 .text.ICU_u16ReadInputCapture
                0x000008de        0x8 ./TIMER_program.o
                0x000008de                ICU_u16ReadInputCapture
 .text.ICU_u8SetCallBack
                0x000008e6       0x14 ./TIMER_program.o
                0x000008e6                ICU_u8SetCallBack
 .text.USART_voidSend
                0x000008fa        0x8 ./UART_program.o
                0x000008fa                USART_voidSend
 .text.USART_voidSendCharSynch
                0x00000902       0x3c ./UART_program.o
                0x00000902                USART_voidSendCharSynch
 .text.USART_u8SendStringSynch
                0x0000093e       0x20 ./UART_program.o
                0x0000093e                USART_u8SendStringSynch
 .text.USART_u8SendCharAsynch
                0x0000095e       0x34 ./UART_program.o
                0x0000095e                USART_u8SendCharAsynch
 .text.USART_u8SendStringAsynch
                0x00000992       0x44 ./UART_program.o
                0x00000992                USART_u8SendStringAsynch
 .text.USART_u8Recieve
                0x000009d6        0x8 ./UART_program.o
                0x000009d6                USART_u8Recieve
 .text.USART_u8RecieveCharSynch
                0x000009de       0x38 ./UART_program.o
                0x000009de                USART_u8RecieveCharSynch
 .text.USART_u8RecieveCharAsynch
                0x00000a16       0x3e ./UART_program.o
                0x00000a16                USART_u8RecieveCharAsynch
 .text.USART_voidReceiveBufferSynch
                0x00000a54       0x2c ./UART_program.o
                0x00000a54                USART_voidReceiveBufferSynch
 .text.USART_voidReceiveBufferAsynch
                0x00000a80       0x42 ./UART_program.o
                0x00000a80                USART_voidReceiveBufferAsynch
 .text.UART_voidSendDecimalNumber
                0x00000ac2       0xe6 ./UART_program.o
                0x00000ac2                UART_voidSendDecimalNumber
 .text.__vector_13
                0x00000ba8       0x90 ./UART_program.o
                0x00000ba8                __vector_13
 .text.__vector_15
                0x00000c38       0x14 ./UART_program.o
                0x00000c38                __vector_15
 .text.__vector_14
                0x00000c4c       0x8e ./UART_program.o
                0x00000c4c                __vector_14
 .text.USART_voidInit
                0x00000cda       0x2c ./UART_program.o
                0x00000cda                USART_voidInit
 .text.__vector_2
                0x00000d06       0xd8 ./Ultrasonic_program.o
                0x00000d06                __vector_2
 .text.__vector_9
                0x00000dde       0x70 ./Ultrasonic_program.o
                0x00000dde                __vector_9
 .text.Ultra_voidTriger
                0x00000e4e       0x3e ./Ultrasonic_program.o
                0x00000e4e                Ultra_voidTriger
 .text.Ultrasonic_voidInit
                0x00000e8c       0x28 ./Ultrasonic_program.o
                0x00000e8c                Ultrasonic_voidInit
 .text.main     0x00000eb4       0x1e ./main.o
                0x00000eb4                main
 .text.libgcc   0x00000ed2       0x3e d:/embedded systems diploma/imt es diploma/00-tools/03-imt sdk/03- imt sdk/imt_sdk_win_64/imt_sdk_win_64/winavr/bin/../lib/gcc/avr/4.3.3/avr5\libgcc.a(_mulsi3.o)
                0x00000ed2                __mulsi3
 .text.libgcc   0x00000f10       0x44 d:/embedded systems diploma/imt es diploma/00-tools/03-imt sdk/03- imt sdk/imt_sdk_win_64/imt_sdk_win_64/winavr/bin/../lib/gcc/avr/4.3.3/avr5\libgcc.a(_udivmodsi4.o)
                0x00000f10                __udivmodsi4
 .text.libgcc   0x00000f54       0x36 d:/embedded systems diploma/imt es diploma/00-tools/03-imt sdk/03- imt sdk/imt_sdk_win_64/imt_sdk_win_64/winavr/bin/../lib/gcc/avr/4.3.3/avr5\libgcc.a(_divmodsi4.o)
                0x00000f54                __divmodsi4
 .text.libgcc   0x00000f8a        0x0 d:/embedded systems diploma/imt es diploma/00-tools/03-imt sdk/03- imt sdk/imt_sdk_win_64/imt_sdk_win_64/winavr/bin/../lib/gcc/avr/4.3.3/avr5\libgcc.a(_exit.o)
 .text.libgcc   0x00000f8a        0x0 d:/embedded systems diploma/imt es diploma/00-tools/03-imt sdk/03- imt sdk/imt_sdk_win_64/imt_sdk_win_64/winavr/bin/../lib/gcc/avr/4.3.3/avr5\libgcc.a(_clear_bss.o)
                0x00000f8a                . = ALIGN (0x2)
 *(.fini9)
 .fini9         0x00000f8a        0x0 d:/embedded systems diploma/imt es diploma/00-tools/03-imt sdk/03- imt sdk/imt_sdk_win_64/imt_sdk_win_64/winavr/bin/../lib/gcc/avr/4.3.3/avr5\libgcc.a(_exit.o)
                0x00000f8a                exit
                0x00000f8a                _exit
 *(.fini9)
 *(.fini8)
 *(.fini8)
 *(.fini7)
 *(.fini7)
 *(.fini6)
 *(.fini6)
 *(.fini5)
 *(.fini5)
 *(.fini4)
 *(.fini4)
 *(.fini3)
 *(.fini3)
 *(.fini2)
 *(.fini2)
 *(.fini1)
 *(.fini1)
 *(.fini0)
 .fini0         0x00000f8a        0x4 d:/embedded systems diploma/imt es diploma/00-tools/03-imt sdk/03- imt sdk/imt_sdk_win_64/imt_sdk_win_64/winavr/bin/../lib/gcc/avr/4.3.3/avr5\libgcc.a(_exit.o)
 *(.fini0)
                0x00000f8e                _etext = .

.data           0x00800060        0x0 load address 0x00000f8e
                0x00800060                PROVIDE (__data_start, .)
 *(.data)
 .data          0x00800060        0x0 d:/embedded systems diploma/imt es diploma/00-tools/03-imt sdk/03- imt sdk/imt_sdk_win_64/imt_sdk_win_64/winavr/bin/../lib/gcc/avr/4.3.3/../../../../avr/lib/avr5/crtm16.o
 .data          0x00800060        0x0 ./DIO_program.o
 .data          0x00800060        0x0 ./EXTI_program.o
 .data          0x00800060        0x0 ./GIE_program.o
 .data          0x00800060        0x0 ./MAP_program.o
 .data          0x00800060        0x0 ./SvM_program.o
 .data          0x00800060        0x0 ./TIMER_program.o
 .data          0x00800060        0x0 ./UART_program.o
 .data          0x00800060        0x0 ./Ultrasonic_program.o
 .data          0x00800060        0x0 ./main.o
 .data          0x00800060        0x0 d:/embedded systems diploma/imt es diploma/00-tools/03-imt sdk/03- imt sdk/imt_sdk_win_64/imt_sdk_win_64/winavr/bin/../lib/gcc/avr/4.3.3/avr5\libgcc.a(_mulsi3.o)
 .data          0x00800060        0x0 d:/embedded systems diploma/imt es diploma/00-tools/03-imt sdk/03- imt sdk/imt_sdk_win_64/imt_sdk_win_64/winavr/bin/../lib/gcc/avr/4.3.3/avr5\libgcc.a(_udivmodsi4.o)
 .data          0x00800060        0x0 d:/embedded systems diploma/imt es diploma/00-tools/03-imt sdk/03- imt sdk/imt_sdk_win_64/imt_sdk_win_64/winavr/bin/../lib/gcc/avr/4.3.3/avr5\libgcc.a(_divmodsi4.o)
 .data          0x00800060        0x0 d:/embedded systems diploma/imt es diploma/00-tools/03-imt sdk/03- imt sdk/imt_sdk_win_64/imt_sdk_win_64/winavr/bin/../lib/gcc/avr/4.3.3/avr5\libgcc.a(_exit.o)
 .data          0x00800060        0x0 d:/embedded systems diploma/imt es diploma/00-tools/03-imt sdk/03- imt sdk/imt_sdk_win_64/imt_sdk_win_64/winavr/bin/../lib/gcc/avr/4.3.3/avr5\libgcc.a(_clear_bss.o)
 *(.data*)
 *(.rodata)
 *(.rodata*)
 *(.gnu.linkonce.d*)
                0x00800060                . = ALIGN (0x2)
                0x00800060                _edata = .
                0x00800060                PROVIDE (__data_end, .)

.bss            0x00800060       0x22
                0x00800060                PROVIDE (__bss_start, .)
 *(.bss)
 .bss           0x00800060        0x0 d:/embedded systems diploma/imt es diploma/00-tools/03-imt sdk/03- imt sdk/imt_sdk_win_64/imt_sdk_win_64/winavr/bin/../lib/gcc/avr/4.3.3/../../../../avr/lib/avr5/crtm16.o
 .bss           0x00800060        0x0 ./DIO_program.o
 .bss           0x00800060        0x0 ./EXTI_program.o
 .bss           0x00800060        0x0 ./GIE_program.o
 .bss           0x00800060        0x0 ./MAP_program.o
 .bss           0x00800060        0x0 ./SvM_program.o
 .bss           0x00800060        0x0 ./TIMER_program.o
 .bss           0x00800060        0x0 ./UART_program.o
 .bss           0x00800060        0x0 ./Ultrasonic_program.o
 .bss           0x00800060        0x0 ./main.o
 .bss           0x00800060        0x0 d:/embedded systems diploma/imt es diploma/00-tools/03-imt sdk/03- imt sdk/imt_sdk_win_64/imt_sdk_win_64/winavr/bin/../lib/gcc/avr/4.3.3/avr5\libgcc.a(_mulsi3.o)
 .bss           0x00800060        0x0 d:/embedded systems diploma/imt es diploma/00-tools/03-imt sdk/03- imt sdk/imt_sdk_win_64/imt_sdk_win_64/winavr/bin/../lib/gcc/avr/4.3.3/avr5\libgcc.a(_udivmodsi4.o)
 .bss           0x00800060        0x0 d:/embedded systems diploma/imt es diploma/00-tools/03-imt sdk/03- imt sdk/imt_sdk_win_64/imt_sdk_win_64/winavr/bin/../lib/gcc/avr/4.3.3/avr5\libgcc.a(_divmodsi4.o)
 .bss           0x00800060        0x0 d:/embedded systems diploma/imt es diploma/00-tools/03-imt sdk/03- imt sdk/imt_sdk_win_64/imt_sdk_win_64/winavr/bin/../lib/gcc/avr/4.3.3/avr5\libgcc.a(_exit.o)
 .bss           0x00800060        0x0 d:/embedded systems diploma/imt es diploma/00-tools/03-imt sdk/03- imt sdk/imt_sdk_win_64/imt_sdk_win_64/winavr/bin/../lib/gcc/avr/4.3.3/avr5\libgcc.a(_clear_bss.o)
 *(.bss*)
 .bss.EXTI_pvInt0Func
                0x00800060        0x2 ./EXTI_program.o
                0x00800060                EXTI_pvInt0Func
 .bss.EXTI_pvInt1Func
                0x00800062        0x2 ./EXTI_program.o
                0x00800062                EXTI_pvInt1Func
 .bss.EXTI_pvInt2Func
                0x00800064        0x2 ./EXTI_program.o
                0x00800064                EXTI_pvInt2Func
 .bss.ICU_pvCallBackFunc
                0x00800066        0x2 ./TIMER_program.o
 .bss.TIMER0_pvCallBackFunc
                0x00800068        0x2 ./TIMER_program.o
 .bss.USART_u8BusyState
                0x0080006a        0x1 ./UART_program.o
 .bss.USART_pvCallBackNotificationFunc
                0x0080006b        0x2 ./UART_program.o
 .bss.USART_pcString
                0x0080006d        0x2 ./UART_program.o
 .bss.USART_RecievedData
                0x0080006f        0x2 ./UART_program.o
 .bss.USART_ReceivedBuffer
                0x00800071        0x2 ./UART_program.o
 .bss.USART_u8BufferIterator.1424
                0x00800073        0x1 ./UART_program.o
 .bss.USART_DataSend
                0x00800074        0x1 ./UART_program.o
 .bss.USART_u8ISRSource
                0x00800075        0x1 ./UART_program.o
 .bss.USART_u8ChainCharSendingIndex
                0x00800076        0x1 ./UART_program.o
 .bss.USART_BufferSize
                0x00800077        0x1 ./UART_program.o
 .bss.sensor_working
                0x00800078        0x1 ./Ultrasonic_program.o
                0x00800078                sensor_working
 .bss.rising_edge
                0x00800079        0x1 ./Ultrasonic_program.o
                0x00800079                rising_edge
 .bss.timer_counter
                0x0080007a        0x4 ./Ultrasonic_program.o
                0x0080007a                timer_counter
 *(COMMON)
 COMMON         0x0080007e        0x4 ./Ultrasonic_program.o
                0x0080007e                distance
                0x00800082                PROVIDE (__bss_end, .)
                0x00000f8e                __data_load_start = LOADADDR (.data)
                0x00000f8e                __data_load_end = (__data_load_start + SIZEOF (.data))

.noinit         0x00800082        0x0
                0x00800082                PROVIDE (__noinit_start, .)
 *(.noinit*)
                0x00800082                PROVIDE (__noinit_end, .)
                0x00800082                _end = .
                0x00800082                PROVIDE (__heap_start, .)

.eeprom         0x00810000        0x0
 *(.eeprom*)
                0x00810000                __eeprom_end = .

.fuse
 *(.fuse)
 *(.lfuse)
 *(.hfuse)
 *(.efuse)

.lock
 *(.lock*)

.signature
 *(.signature*)

.stab
 *(.stab)

.stabstr
 *(.stabstr)

.stab.excl
 *(.stab.excl)

.stab.exclstr
 *(.stab.exclstr)

.stab.index
 *(.stab.index)

.stab.indexstr
 *(.stab.indexstr)

.comment
 *(.comment)

.debug
 *(.debug)

.line
 *(.line)

.debug_srcinfo
 *(.debug_srcinfo)

.debug_sfnames
 *(.debug_sfnames)

.debug_aranges
 *(.debug_aranges)

.debug_pubnames
 *(.debug_pubnames)

.debug_info
 *(.debug_info)
 *(.gnu.linkonce.wi.*)

.debug_abbrev
 *(.debug_abbrev)

.debug_line
 *(.debug_line)

.debug_frame
 *(.debug_frame)

.debug_str
 *(.debug_str)

.debug_loc
 *(.debug_loc)

.debug_macinfo
 *(.debug_macinfo)
OUTPUT(Radar_System_Project.elf elf32-avr)
LOAD linker stubs
